Archive member included because of file (symbol)

g:/projects/winavr-20100110/bin/../lib/gcc/avr/4.3.3/avr5\libgcc.a(_udivmodqi4.o)
                              USART.o (__udivmodqi4)
g:/projects/winavr-20100110/bin/../lib/gcc/avr/4.3.3/avr5\libgcc.a(_exit.o)
                              g:/projects/winavr-20100110/bin/../lib/gcc/avr/4.3.3/../../../../avr/lib/avr5/crtm328p.o (exit)
g:/projects/winavr-20100110/bin/../lib/gcc/avr/4.3.3/avr5\libgcc.a(_copy_data.o)
                              GPSClock.o (__do_copy_data)
g:/projects/winavr-20100110/bin/../lib/gcc/avr/4.3.3/avr5\libgcc.a(_clear_bss.o)
                              GPSClock.o (__do_clear_bss)

Allocating common symbols
Common symbol       size              file

tick                0x1               GPSClock.o
time                0x7               GPSClock.o

Memory Configuration

Name             Origin             Length             Attributes
text             0x00000000         0x00020000         xr
data             0x00800060         0x0000ffa0         rw !x
eeprom           0x00810000         0x00010000         rw !x
fuse             0x00820000         0x00000400         rw !x
lock             0x00830000         0x00000400         rw !x
signature        0x00840000         0x00000400         rw !x
*default*        0x00000000         0xffffffff

Linker script and memory map

Address of section .data set to 0x800100
LOAD g:/projects/winavr-20100110/bin/../lib/gcc/avr/4.3.3/../../../../avr/lib/avr5/crtm328p.o
LOAD GPSClock.o
LOAD USART.o
LOAD SPI.o
LOAD DS3234RTC.o
LOAD MAX7219.o
LOAD g:/projects/winavr-20100110/bin/../lib/gcc/avr/4.3.3/../../../../avr/lib/avr5\libm.a
LOAD g:/projects/winavr-20100110/bin/../lib/gcc/avr/4.3.3/avr5\libgcc.a
LOAD g:/projects/winavr-20100110/bin/../lib/gcc/avr/4.3.3/../../../../avr/lib/avr5\libc.a
LOAD g:/projects/winavr-20100110/bin/../lib/gcc/avr/4.3.3/avr5\libgcc.a

.hash
 *(.hash)

.dynsym
 *(.dynsym)

.dynstr
 *(.dynstr)

.gnu.version
 *(.gnu.version)

.gnu.version_d
 *(.gnu.version_d)

.gnu.version_r
 *(.gnu.version_r)

.rel.init
 *(.rel.init)

.rela.init
 *(.rela.init)

.rel.text
 *(.rel.text)
 *(.rel.text.*)
 *(.rel.gnu.linkonce.t*)

.rela.text
 *(.rela.text)
 *(.rela.text.*)
 *(.rela.gnu.linkonce.t*)

.rel.fini
 *(.rel.fini)

.rela.fini
 *(.rela.fini)

.rel.rodata
 *(.rel.rodata)
 *(.rel.rodata.*)
 *(.rel.gnu.linkonce.r*)

.rela.rodata
 *(.rela.rodata)
 *(.rela.rodata.*)
 *(.rela.gnu.linkonce.r*)

.rel.data
 *(.rel.data)
 *(.rel.data.*)
 *(.rel.gnu.linkonce.d*)

.rela.data
 *(.rela.data)
 *(.rela.data.*)
 *(.rela.gnu.linkonce.d*)

.rel.ctors
 *(.rel.ctors)

.rela.ctors
 *(.rela.ctors)

.rel.dtors
 *(.rel.dtors)

.rela.dtors
 *(.rela.dtors)

.rel.got
 *(.rel.got)

.rela.got
 *(.rela.got)

.rel.bss
 *(.rel.bss)

.rela.bss
 *(.rela.bss)

.rel.plt
 *(.rel.plt)

.rela.plt
 *(.rela.plt)

.text           0x00000000      0x64e
 *(.vectors)
 .vectors       0x00000000       0x68 g:/projects/winavr-20100110/bin/../lib/gcc/avr/4.3.3/../../../../avr/lib/avr5/crtm328p.o
                0x00000000                __vectors
                0x00000000                __vector_default
 *(.vectors)
 *(.progmem.gcc*)
 *(.progmem*)
                0x00000068                . = ALIGN (0x2)
                0x00000068                __trampolines_start = .
 *(.trampolines)
 .trampolines   0x00000068        0x0 linker stubs
 *(.trampolines*)
                0x00000068                __trampolines_end = .
 *(.jumptables)
 *(.jumptables*)
 *(.lowtext)
 *(.lowtext*)
                0x00000068                __ctors_start = .
 *(.ctors)
                0x00000068                __ctors_end = .
                0x00000068                __dtors_start = .
 *(.dtors)
                0x00000068                __dtors_end = .
 SORT(*)(.ctors)
 SORT(*)(.dtors)
 *(.init0)
 .init0         0x00000068        0x0 g:/projects/winavr-20100110/bin/../lib/gcc/avr/4.3.3/../../../../avr/lib/avr5/crtm328p.o
                0x00000068                __init
 *(.init0)
 *(.init1)
 *(.init1)
 *(.init2)
 .init2         0x00000068        0xc g:/projects/winavr-20100110/bin/../lib/gcc/avr/4.3.3/../../../../avr/lib/avr5/crtm328p.o
 *(.init2)
 *(.init3)
 *(.init3)
 *(.init4)
 .init4         0x00000074       0x16 g:/projects/winavr-20100110/bin/../lib/gcc/avr/4.3.3/avr5\libgcc.a(_copy_data.o)
                0x00000074                __do_copy_data
 .init4         0x0000008a       0x10 g:/projects/winavr-20100110/bin/../lib/gcc/avr/4.3.3/avr5\libgcc.a(_clear_bss.o)
                0x0000008a                __do_clear_bss
 *(.init4)
 *(.init5)
 *(.init5)
 *(.init6)
 *(.init6)
 *(.init7)
 *(.init7)
 *(.init8)
 *(.init8)
 *(.init9)
 .init9         0x0000009a        0x8 g:/projects/winavr-20100110/bin/../lib/gcc/avr/4.3.3/../../../../avr/lib/avr5/crtm328p.o
 *(.init9)
 *(.text)
 .text          0x000000a2        0x4 g:/projects/winavr-20100110/bin/../lib/gcc/avr/4.3.3/../../../../avr/lib/avr5/crtm328p.o
                0x000000a2                __vector_22
                0x000000a2                __vector_1
                0x000000a2                __vector_24
                0x000000a2                __vector_12
                0x000000a2                __bad_interrupt
                0x000000a2                __vector_6
                0x000000a2                __vector_3
                0x000000a2                __vector_23
                0x000000a2                __vector_25
                0x000000a2                __vector_11
                0x000000a2                __vector_13
                0x000000a2                __vector_17
                0x000000a2                __vector_19
                0x000000a2                __vector_7
                0x000000a2                __vector_5
                0x000000a2                __vector_4
                0x000000a2                __vector_9
                0x000000a2                __vector_2
                0x000000a2                __vector_21
                0x000000a2                __vector_15
                0x000000a2                __vector_8
                0x000000a2                __vector_14
                0x000000a2                __vector_10
                0x000000a2                __vector_16
                0x000000a2                __vector_20
 .text          0x000000a6      0x2c8 GPSClock.o
                0x000000a6                refresh_display
                0x000001ac                main
                0x00000322                __vector_18
 .text          0x0000036e       0x9a USART.o
                0x0000036e                initUSART
                0x0000039c                printString
                0x00000396                transmitByte
                0x000003be                printByte
                0x00000390                receiveByte
 .text          0x00000408       0x3c SPI.o
                0x0000043a                SPI_tradeByte
                0x00000408                initSPI
 .text          0x00000444       0x80 DS3234RTC.o
                0x00000472                RTC_getTime
                0x00000460                RTC_SPI_readByte
                0x00000444                init_RTC
                0x0000044a                RTC_SPI_writeByte
 .text          0x000004c4      0x16e MAX7219.o
                0x000005ec                init_SEV_SEG
                0x00000530                SEV_SEG_startupAni
                0x000004ec                SEV_SEG_writeByte
                0x000004c4                SEV_SEG_allClear
 .text          0x00000632        0x0 g:/projects/winavr-20100110/bin/../lib/gcc/avr/4.3.3/avr5\libgcc.a(_udivmodqi4.o)
 .text          0x00000632        0x0 g:/projects/winavr-20100110/bin/../lib/gcc/avr/4.3.3/avr5\libgcc.a(_exit.o)
 .text          0x00000632        0x0 g:/projects/winavr-20100110/bin/../lib/gcc/avr/4.3.3/avr5\libgcc.a(_copy_data.o)
 .text          0x00000632        0x0 g:/projects/winavr-20100110/bin/../lib/gcc/avr/4.3.3/avr5\libgcc.a(_clear_bss.o)
                0x00000632                . = ALIGN (0x2)
 *(.text.*)
 .text.libgcc   0x00000632       0x18 g:/projects/winavr-20100110/bin/../lib/gcc/avr/4.3.3/avr5\libgcc.a(_udivmodqi4.o)
                0x00000632                __udivmodqi4
 .text.libgcc   0x0000064a        0x0 g:/projects/winavr-20100110/bin/../lib/gcc/avr/4.3.3/avr5\libgcc.a(_exit.o)
 .text.libgcc   0x0000064a        0x0 g:/projects/winavr-20100110/bin/../lib/gcc/avr/4.3.3/avr5\libgcc.a(_copy_data.o)
 .text.libgcc   0x0000064a        0x0 g:/projects/winavr-20100110/bin/../lib/gcc/avr/4.3.3/avr5\libgcc.a(_clear_bss.o)
                0x0000064a                . = ALIGN (0x2)
 *(.fini9)
 .fini9         0x0000064a        0x0 g:/projects/winavr-20100110/bin/../lib/gcc/avr/4.3.3/avr5\libgcc.a(_exit.o)
                0x0000064a                exit
                0x0000064a                _exit
 *(.fini9)
 *(.fini8)
 *(.fini8)
 *(.fini7)
 *(.fini7)
 *(.fini6)
 *(.fini6)
 *(.fini5)
 *(.fini5)
 *(.fini4)
 *(.fini4)
 *(.fini3)
 *(.fini3)
 *(.fini2)
 *(.fini2)
 *(.fini1)
 *(.fini1)
 *(.fini0)
 .fini0         0x0000064a        0x4 g:/projects/winavr-20100110/bin/../lib/gcc/avr/4.3.3/avr5\libgcc.a(_exit.o)
 *(.fini0)
                0x0000064e                _etext = .

.data           0x00800100       0x18 load address 0x0000064e
                0x00800100                PROVIDE (__data_start, .)
 *(.data)
 .data          0x00800100        0x0 g:/projects/winavr-20100110/bin/../lib/gcc/avr/4.3.3/../../../../avr/lib/avr5/crtm328p.o
 .data          0x00800100       0x17 GPSClock.o
 .data          0x00800117        0x0 USART.o
 .data          0x00800117        0x0 SPI.o
 .data          0x00800117        0x0 DS3234RTC.o
 .data          0x00800117        0x0 MAX7219.o
 .data          0x00800117        0x0 g:/projects/winavr-20100110/bin/../lib/gcc/avr/4.3.3/avr5\libgcc.a(_udivmodqi4.o)
 .data          0x00800117        0x0 g:/projects/winavr-20100110/bin/../lib/gcc/avr/4.3.3/avr5\libgcc.a(_exit.o)
 .data          0x00800117        0x0 g:/projects/winavr-20100110/bin/../lib/gcc/avr/4.3.3/avr5\libgcc.a(_copy_data.o)
 .data          0x00800117        0x0 g:/projects/winavr-20100110/bin/../lib/gcc/avr/4.3.3/avr5\libgcc.a(_clear_bss.o)
 *(.data*)
 *(.rodata)
 *(.rodata*)
 *(.gnu.linkonce.d*)
                0x00800118                . = ALIGN (0x2)
 *fill*         0x00800117        0x1 00
                0x00800118                _edata = .
                0x00800118                PROVIDE (__data_end, .)

.bss            0x00800118        0x8
                0x00800118                PROVIDE (__bss_start, .)
 *(.bss)
 .bss           0x00800118        0x0 g:/projects/winavr-20100110/bin/../lib/gcc/avr/4.3.3/../../../../avr/lib/avr5/crtm328p.o
 .bss           0x00800118        0x0 GPSClock.o
 .bss           0x00800118        0x0 USART.o
 .bss           0x00800118        0x0 SPI.o
 .bss           0x00800118        0x0 DS3234RTC.o
 .bss           0x00800118        0x0 MAX7219.o
 .bss           0x00800118        0x0 g:/projects/winavr-20100110/bin/../lib/gcc/avr/4.3.3/avr5\libgcc.a(_udivmodqi4.o)
 .bss           0x00800118        0x0 g:/projects/winavr-20100110/bin/../lib/gcc/avr/4.3.3/avr5\libgcc.a(_exit.o)
 .bss           0x00800118        0x0 g:/projects/winavr-20100110/bin/../lib/gcc/avr/4.3.3/avr5\libgcc.a(_copy_data.o)
 .bss           0x00800118        0x0 g:/projects/winavr-20100110/bin/../lib/gcc/avr/4.3.3/avr5\libgcc.a(_clear_bss.o)
 *(.bss*)
 *(COMMON)
 COMMON         0x00800118        0x8 GPSClock.o
                0x00800118                tick
                0x00800119                time
                0x00800120                PROVIDE (__bss_end, .)
                0x0000064e                __data_load_start = LOADADDR (.data)
                0x00000666                __data_load_end = (__data_load_start + SIZEOF (.data))

.noinit         0x00800120        0x0
                0x00800120                PROVIDE (__noinit_start, .)
 *(.noinit*)
                0x00800120                PROVIDE (__noinit_end, .)
                0x00800120                _end = .
                0x00800120                PROVIDE (__heap_start, .)

.eeprom         0x00810000        0x0
 *(.eeprom*)
                0x00810000                __eeprom_end = .

.fuse
 *(.fuse)
 *(.lfuse)
 *(.hfuse)
 *(.efuse)

.lock
 *(.lock*)

.signature
 *(.signature*)

.stab
 *(.stab)

.stabstr
 *(.stabstr)

.stab.excl
 *(.stab.excl)

.stab.exclstr
 *(.stab.exclstr)

.stab.index
 *(.stab.index)

.stab.indexstr
 *(.stab.indexstr)

.comment
 *(.comment)

.debug
 *(.debug)

.line
 *(.line)

.debug_srcinfo
 *(.debug_srcinfo)

.debug_sfnames
 *(.debug_sfnames)

.debug_aranges  0x00000000       0xa0
 *(.debug_aranges)
 .debug_aranges
                0x00000000       0x20 GPSClock.o
 .debug_aranges
                0x00000020       0x20 USART.o
 .debug_aranges
                0x00000040       0x20 SPI.o
 .debug_aranges
                0x00000060       0x20 DS3234RTC.o
 .debug_aranges
                0x00000080       0x20 MAX7219.o

.debug_pubnames
                0x00000000      0x19f
 *(.debug_pubnames)
 .debug_pubnames
                0x00000000       0x51 GPSClock.o
 .debug_pubnames
                0x00000051       0x5f USART.o
 .debug_pubnames
                0x000000b0       0x30 SPI.o
 .debug_pubnames
                0x000000e0       0x5a DS3234RTC.o
 .debug_pubnames
                0x0000013a       0x65 MAX7219.o

.debug_info     0x00000000      0x713
 *(.debug_info)
 .debug_info    0x00000000      0x172 GPSClock.o
 .debug_info    0x00000172      0x190 USART.o
 .debug_info    0x00000302       0xc0 SPI.o
 .debug_info    0x000003c2      0x10e DS3234RTC.o
 .debug_info    0x000004d0      0x243 MAX7219.o
 *(.gnu.linkonce.wi.*)

.debug_abbrev   0x00000000      0x43d
 *(.debug_abbrev)
 .debug_abbrev  0x00000000       0xe5 GPSClock.o
 .debug_abbrev  0x000000e5      0x11c USART.o
 .debug_abbrev  0x00000201       0x81 SPI.o
 .debug_abbrev  0x00000282       0x94 DS3234RTC.o
 .debug_abbrev  0x00000316      0x127 MAX7219.o

.debug_line     0x00000000      0xa09
 *(.debug_line)
 .debug_line    0x00000000      0x2dc GPSClock.o
 .debug_line    0x000002dc      0x189 USART.o
 .debug_line    0x00000465      0x101 SPI.o
 .debug_line    0x00000566      0x171 DS3234RTC.o
 .debug_line    0x000006d7      0x332 MAX7219.o

.debug_frame    0x00000000      0x170
 *(.debug_frame)
 .debug_frame   0x00000000       0x40 GPSClock.o
 .debug_frame   0x00000040       0x60 USART.o
 .debug_frame   0x000000a0       0x30 SPI.o
 .debug_frame   0x000000d0       0x50 DS3234RTC.o
 .debug_frame   0x00000120       0x50 MAX7219.o

.debug_str      0x00000000      0x1f8
 *(.debug_str)
 .debug_str     0x00000000       0xe2 GPSClock.o
                                0x116 (size before relaxing)
 .debug_str     0x000000e2       0x52 USART.o
                                 0xf4 (size before relaxing)
 .debug_str     0x00000134       0x2b SPI.o
                                 0xcd (size before relaxing)
 .debug_str     0x0000015f       0x4c DS3234RTC.o
                                 0xf3 (size before relaxing)
 .debug_str     0x000001ab       0x4d MAX7219.o
                                0x13a (size before relaxing)

.debug_loc      0x00000000      0x1d8
 *(.debug_loc)
 .debug_loc     0x00000000       0x28 GPSClock.o
 .debug_loc     0x00000028       0x46 USART.o
 .debug_loc     0x0000006e       0x13 SPI.o
 .debug_loc     0x00000081       0x6c DS3234RTC.o
 .debug_loc     0x000000ed       0xeb MAX7219.o

.debug_macinfo
 *(.debug_macinfo)
OUTPUT(GPSClock.elf elf32-avr)
LOAD linker stubs

.debug_ranges   0x00000000       0xa8
 .debug_ranges  0x00000000       0x48 GPSClock.o
 .debug_ranges  0x00000048       0x60 MAX7219.o

Cross Reference Table

Symbol                                            File
RTC_SPI_readByte                                  DS3234RTC.o
RTC_SPI_writeByte                                 DS3234RTC.o
RTC_getTime                                       DS3234RTC.o
                                                  GPSClock.o
SEV_SEG_allClear                                  MAX7219.o
                                                  GPSClock.o
SEV_SEG_startupAni                                MAX7219.o
                                                  GPSClock.o
SEV_SEG_writeByte                                 MAX7219.o
                                                  GPSClock.o
SPI_tradeByte                                     SPI.o
                                                  MAX7219.o
                                                  DS3234RTC.o
__bad_interrupt                                   g:/projects/winavr-20100110/bin/../lib/gcc/avr/4.3.3/../../../../avr/lib/avr5/crtm328p.o
__bss_end                                         g:/projects/winavr-20100110/bin/../lib/gcc/avr/4.3.3/avr5\libgcc.a(_clear_bss.o)
__bss_start                                       g:/projects/winavr-20100110/bin/../lib/gcc/avr/4.3.3/avr5\libgcc.a(_clear_bss.o)
__data_end                                        g:/projects/winavr-20100110/bin/../lib/gcc/avr/4.3.3/avr5\libgcc.a(_copy_data.o)
__data_load_start                                 g:/projects/winavr-20100110/bin/../lib/gcc/avr/4.3.3/avr5\libgcc.a(_copy_data.o)
__data_start                                      g:/projects/winavr-20100110/bin/../lib/gcc/avr/4.3.3/avr5\libgcc.a(_copy_data.o)
__do_clear_bss                                    g:/projects/winavr-20100110/bin/../lib/gcc/avr/4.3.3/avr5\libgcc.a(_clear_bss.o)
                                                  GPSClock.o
__do_copy_data                                    g:/projects/winavr-20100110/bin/../lib/gcc/avr/4.3.3/avr5\libgcc.a(_copy_data.o)
                                                  GPSClock.o
__heap_end                                        g:/projects/winavr-20100110/bin/../lib/gcc/avr/4.3.3/../../../../avr/lib/avr5/crtm328p.o
__init                                            g:/projects/winavr-20100110/bin/../lib/gcc/avr/4.3.3/../../../../avr/lib/avr5/crtm328p.o
__stack                                           g:/projects/winavr-20100110/bin/../lib/gcc/avr/4.3.3/../../../../avr/lib/avr5/crtm328p.o
__udivmodqi4                                      g:/projects/winavr-20100110/bin/../lib/gcc/avr/4.3.3/avr5\libgcc.a(_udivmodqi4.o)
                                                  USART.o
__vector_1                                        g:/projects/winavr-20100110/bin/../lib/gcc/avr/4.3.3/../../../../avr/lib/avr5/crtm328p.o
__vector_10                                       g:/projects/winavr-20100110/bin/../lib/gcc/avr/4.3.3/../../../../avr/lib/avr5/crtm328p.o
__vector_11                                       g:/projects/winavr-20100110/bin/../lib/gcc/avr/4.3.3/../../../../avr/lib/avr5/crtm328p.o
__vector_12                                       g:/projects/winavr-20100110/bin/../lib/gcc/avr/4.3.3/../../../../avr/lib/avr5/crtm328p.o
__vector_13                                       g:/projects/winavr-20100110/bin/../lib/gcc/avr/4.3.3/../../../../avr/lib/avr5/crtm328p.o
__vector_14                                       g:/projects/winavr-20100110/bin/../lib/gcc/avr/4.3.3/../../../../avr/lib/avr5/crtm328p.o
__vector_15                                       g:/projects/winavr-20100110/bin/../lib/gcc/avr/4.3.3/../../../../avr/lib/avr5/crtm328p.o
__vector_16                                       g:/projects/winavr-20100110/bin/../lib/gcc/avr/4.3.3/../../../../avr/lib/avr5/crtm328p.o
__vector_17                                       g:/projects/winavr-20100110/bin/../lib/gcc/avr/4.3.3/../../../../avr/lib/avr5/crtm328p.o
__vector_18                                       GPSClock.o
                                                  g:/projects/winavr-20100110/bin/../lib/gcc/avr/4.3.3/../../../../avr/lib/avr5/crtm328p.o
__vector_19                                       g:/projects/winavr-20100110/bin/../lib/gcc/avr/4.3.3/../../../../avr/lib/avr5/crtm328p.o
__vector_2                                        g:/projects/winavr-20100110/bin/../lib/gcc/avr/4.3.3/../../../../avr/lib/avr5/crtm328p.o
__vector_20                                       g:/projects/winavr-20100110/bin/../lib/gcc/avr/4.3.3/../../../../avr/lib/avr5/crtm328p.o
__vector_21                                       g:/projects/winavr-20100110/bin/../lib/gcc/avr/4.3.3/../../../../avr/lib/avr5/crtm328p.o
__vector_22                                       g:/projects/winavr-20100110/bin/../lib/gcc/avr/4.3.3/../../../../avr/lib/avr5/crtm328p.o
__vector_23                                       g:/projects/winavr-20100110/bin/../lib/gcc/avr/4.3.3/../../../../avr/lib/avr5/crtm328p.o
__vector_24                                       g:/projects/winavr-20100110/bin/../lib/gcc/avr/4.3.3/../../../../avr/lib/avr5/crtm328p.o
__vector_25                                       g:/projects/winavr-20100110/bin/../lib/gcc/avr/4.3.3/../../../../avr/lib/avr5/crtm328p.o
__vector_3                                        g:/projects/winavr-20100110/bin/../lib/gcc/avr/4.3.3/../../../../avr/lib/avr5/crtm328p.o
__vector_4                                        g:/projects/winavr-20100110/bin/../lib/gcc/avr/4.3.3/../../../../avr/lib/avr5/crtm328p.o
__vector_5                                        g:/projects/winavr-20100110/bin/../lib/gcc/avr/4.3.3/../../../../avr/lib/avr5/crtm328p.o
__vector_6                                        g:/projects/winavr-20100110/bin/../lib/gcc/avr/4.3.3/../../../../avr/lib/avr5/crtm328p.o
__vector_7                                        g:/projects/winavr-20100110/bin/../lib/gcc/avr/4.3.3/../../../../avr/lib/avr5/crtm328p.o
__vector_8                                        g:/projects/winavr-20100110/bin/../lib/gcc/avr/4.3.3/../../../../avr/lib/avr5/crtm328p.o
__vector_9                                        g:/projects/winavr-20100110/bin/../lib/gcc/avr/4.3.3/../../../../avr/lib/avr5/crtm328p.o
__vector_default                                  g:/projects/winavr-20100110/bin/../lib/gcc/avr/4.3.3/../../../../avr/lib/avr5/crtm328p.o
__vectors                                         g:/projects/winavr-20100110/bin/../lib/gcc/avr/4.3.3/../../../../avr/lib/avr5/crtm328p.o
_exit                                             g:/projects/winavr-20100110/bin/../lib/gcc/avr/4.3.3/avr5\libgcc.a(_exit.o)
exit                                              g:/projects/winavr-20100110/bin/../lib/gcc/avr/4.3.3/avr5\libgcc.a(_exit.o)
                                                  g:/projects/winavr-20100110/bin/../lib/gcc/avr/4.3.3/../../../../avr/lib/avr5/crtm328p.o
initSPI                                           SPI.o
                                                  GPSClock.o
initUSART                                         USART.o
                                                  GPSClock.o
init_RTC                                          DS3234RTC.o
                                                  GPSClock.o
init_SEV_SEG                                      MAX7219.o
                                                  GPSClock.o
main                                              GPSClock.o
                                                  g:/projects/winavr-20100110/bin/../lib/gcc/avr/4.3.3/../../../../avr/lib/avr5/crtm328p.o
printByte                                         USART.o
                                                  GPSClock.o
printString                                       USART.o
                                                  GPSClock.o
receiveByte                                       USART.o
                                                  GPSClock.o
refresh_display                                   GPSClock.o
tick                                              GPSClock.o
time                                              GPSClock.o
transmitByte                                      USART.o
                                                  GPSClock.o
