   1               		.file	"MAX7219.c"
   2               	__SREG__ = 0x3f
   3               	__SP_H__ = 0x3e
   4               	__SP_L__ = 0x3d
   5               	__CCP__  = 0x34
   6               	__tmp_reg__ = 0
   7               	__zero_reg__ = 1
  15               	.Ltext0:
  16               	.global	SEV_SEG_allClear
  18               	SEV_SEG_allClear:
  19               	.LFB8:
  20               	.LM1:
  21 0000 1F93      		push r17
  22               	/* prologue: function */
  23               	/* frame size = 0 */
  24               	.LM2:
  25 0002 18E0      		ldi r17,lo8(8)
  26               	.LVL0:
  27               	.L2:
  28               	.LM3:
  29 0004 2998      		cbi 37-32,1
  30               	.LM4:
  31 0006 812F      		mov r24,r17
  32 0008 0E94 0000 		call SPI_tradeByte
  33               	.LM5:
  34 000c 8FE0      		ldi r24,lo8(15)
  35 000e 0E94 0000 		call SPI_tradeByte
  36               	.LM6:
  37 0012 812F      		mov r24,r17
  38 0014 0E94 0000 		call SPI_tradeByte
  39               	.LM7:
  40 0018 8FE0      		ldi r24,lo8(15)
  41 001a 0E94 0000 		call SPI_tradeByte
  42               	.LM8:
  43 001e 299A      		sbi 37-32,1
  44               	.LM9:
  45 0020 1150      		subi r17,lo8(-(-1))
  46 0022 01F4      		brne .L2
  47               	/* epilogue start */
  48               	.LM10:
  49 0024 1F91      		pop r17
  50               	.LVL1:
  51 0026 0895      		ret
  52               	.LFE8:
  54               	.global	SEV_SEG_writeByte
  56               	SEV_SEG_writeByte:
  57               	.LFB6:
  58               	.LM11:
  59               	.LVL2:
  60 0028 0F93      		push r16
  61 002a 1F93      		push r17
  62               	/* prologue: function */
  63               	/* frame size = 0 */
  64 002c 182F      		mov r17,r24
  65 002e 062F      		mov r16,r22
  66               	.LM12:
  67 0030 87FF      		sbrs r24,7
  68 0032 00C0      		rjmp .L6
  69               	.LVL3:
  70               	.LM13:
  71 0034 2998      		cbi 37-32,1
  72               	.LM14:
  73 0036 0E94 0000 		call SPI_tradeByte
  74               	.LVL4:
  75               	.LM15:
  76 003a 802F      		mov r24,r16
  77 003c 0E94 0000 		call SPI_tradeByte
  78               	.LM16:
  79 0040 80E0      		ldi r24,lo8(0)
  80 0042 0E94 0000 		call SPI_tradeByte
  81               	.LM17:
  82 0046 80E0      		ldi r24,lo8(0)
  83 0048 00C0      		rjmp .L9
  84               	.LVL5:
  85               	.L6:
  86               	.LM18:
  87 004a 2998      		cbi 37-32,1
  88               	.LM19:
  89 004c 80E0      		ldi r24,lo8(0)
  90               	.LVL6:
  91 004e 0E94 0000 		call SPI_tradeByte
  92               	.LM20:
  93 0052 80E0      		ldi r24,lo8(0)
  94 0054 0E94 0000 		call SPI_tradeByte
  95               	.LM21:
  96 0058 812F      		mov r24,r17
  97 005a 0E94 0000 		call SPI_tradeByte
  98               	.LM22:
  99 005e 802F      		mov r24,r16
 100               	.L9:
 101 0060 0E94 0000 		call SPI_tradeByte
 102               	.LM23:
 103 0064 299A      		sbi 37-32,1
 104               	/* epilogue start */
 105               	.LM24:
 106 0066 1F91      		pop r17
 107               	.LVL7:
 108 0068 0F91      		pop r16
 109               	.LVL8:
 110 006a 0895      		ret
 111               	.LFE6:
 113               	.global	SEV_SEG_startupAni
 115               	SEV_SEG_startupAni:
 116               	.LFB9:
 117               	.LM25:
 118 006c 0F93      		push r16
 119 006e 1F93      		push r17
 120 0070 CF93      		push r28
 121 0072 DF93      		push r29
 122               	/* prologue: function */
 123               	/* frame size = 0 */
 124               	.LM26:
 125 0074 0E94 0000 		call SEV_SEG_allClear
 126 0078 03E0      		ldi r16,lo8(3)
 127               	.LVL9:
 128               	.LBB19:
 129               	.LBB20:
 130               	.LBB21:
 131               	.LBB22:
 132               	.LBB23:
 133               	.LM27:
 134 007a C8EC      		ldi r28,lo8(200)
 135 007c D0E0      		ldi r29,hi8(200)
 136               	.LVL10:
 137               	.L15:
 138               	.LBE23:
 139               	.LBE22:
 140               	.LBE21:
 141               	.LBE20:
 142               	.LBE19:
 143               	.LM28:
 144 007e 18E8      		ldi r17,lo8(-120)
 145               	.LVL11:
 146               	.L12:
 147               	.LBB32:
 148               	.LM29:
 149 0080 812F      		mov r24,r17
 150 0082 6FE8      		ldi r22,lo8(-113)
 151 0084 0E94 0000 		call SEV_SEG_writeByte
 152 0088 84EF      		ldi r24,lo8(500)
 153 008a 91E0      		ldi r25,hi8(500)
 154               	.LVL12:
 155               	.L11:
 156               	.LBB27:
 157               	.LBB26:
 158               	.LBB25:
 159               	.LBB24:
 160               	.LM30:
 161 008c FE01      		movw r30,r28
 162               	.LVL13:
 163               	/* #APP */
 164               	 ;  105 "g:/projects/winavr-20100110/lib/gcc/../../avr/include/util/delay_basic.h" 1
 165 008e 3197      		1: sbiw r30,1
 166 0090 01F4      		brne 1b
 167               	 ;  0 "" 2
 168               	/* #NOAPP */
 169               	.LBE24:
 170               	.LBE25:
 171               	.LM31:
 172 0092 0197      		sbiw r24,1
 173               	.LM32:
 174 0094 01F4      		brne .L11
 175               	.LBE26:
 176               	.LBE27:
 177               	.LM33:
 178 0096 812F      		mov r24,r17
 179               	.LVL14:
 180 0098 6FE0      		ldi r22,lo8(15)
 181 009a 0E94 0000 		call SEV_SEG_writeByte
 182               	.LVL15:
 183               	.LM34:
 184 009e 1150      		subi r17,lo8(-(-1))
 185               	.LM35:
 186 00a0 1038      		cpi r17,lo8(-128)
 187 00a2 01F4      		brne .L12
 188 00a4 18E0      		ldi r17,lo8(8)
 189               	.LVL16:
 190               	.L14:
 191               	.LM36:
 192 00a6 812F      		mov r24,r17
 193 00a8 6FE8      		ldi r22,lo8(-113)
 194 00aa 0E94 0000 		call SEV_SEG_writeByte
 195 00ae 84EF      		ldi r24,lo8(500)
 196 00b0 91E0      		ldi r25,hi8(500)
 197               	.LVL17:
 198               	.L13:
 199               	.LBB28:
 200               	.LBB29:
 201               	.LBB30:
 202               	.LBB31:
 203               	.LM37:
 204 00b2 FE01      		movw r30,r28
 205               	.LVL18:
 206               	/* #APP */
 207               	 ;  105 "g:/projects/winavr-20100110/lib/gcc/../../avr/include/util/delay_basic.h" 1
 208 00b4 3197      		1: sbiw r30,1
 209 00b6 01F4      		brne 1b
 210               	 ;  0 "" 2
 211               	/* #NOAPP */
 212               	.LBE31:
 213               	.LBE30:
 214               	.LM38:
 215 00b8 0197      		sbiw r24,1
 216               	.LM39:
 217 00ba 01F4      		brne .L13
 218               	.LBE29:
 219               	.LBE28:
 220               	.LM40:
 221 00bc 812F      		mov r24,r17
 222               	.LVL19:
 223 00be 6FE0      		ldi r22,lo8(15)
 224 00c0 0E94 0000 		call SEV_SEG_writeByte
 225               	.LVL20:
 226               	.LM41:
 227 00c4 1150      		subi r17,lo8(-(-1))
 228               	.LM42:
 229 00c6 01F4      		brne .L14
 230               	.LM43:
 231 00c8 0150      		subi r16,lo8(-(-1))
 232               	.LBE32:
 233               	.LM44:
 234 00ca 01F4      		brne .L15
 235               	/* epilogue start */
 236               	.LM45:
 237 00cc DF91      		pop r29
 238 00ce CF91      		pop r28
 239 00d0 1F91      		pop r17
 240               	.LVL21:
 241 00d2 0F91      		pop r16
 242               	.LVL22:
 243 00d4 0895      		ret
 244               	.LFE9:
 246               	.global	init_SEV_SEG
 248               	init_SEV_SEG:
 249               	.LFB7:
 250               	.LM46:
 251               	/* prologue: function */
 252               	/* frame size = 0 */
 253               	.LM47:
 254 00d6 219A      		sbi 36-32,1
 255               	.LM48:
 256 00d8 299A      		sbi 37-32,1
 257               	.LM49:
 258 00da 8BE0      		ldi r24,lo8(11)
 259 00dc 67E0      		ldi r22,lo8(7)
 260 00de 0E94 0000 		call SEV_SEG_writeByte
 261               	.LM50:
 262 00e2 8AE0      		ldi r24,lo8(10)
 263 00e4 68E0      		ldi r22,lo8(8)
 264 00e6 0E94 0000 		call SEV_SEG_writeByte
 265               	.LM51:
 266 00ea 8CE0      		ldi r24,lo8(12)
 267 00ec 61E0      		ldi r22,lo8(1)
 268 00ee 0E94 0000 		call SEV_SEG_writeByte
 269               	.LM52:
 270 00f2 89E0      		ldi r24,lo8(9)
 271 00f4 6FEF      		ldi r22,lo8(-1)
 272 00f6 0E94 0000 		call SEV_SEG_writeByte
 273               	.LM53:
 274 00fa 8BE8      		ldi r24,lo8(-117)
 275 00fc 67E0      		ldi r22,lo8(7)
 276 00fe 0E94 0000 		call SEV_SEG_writeByte
 277               	.LM54:
 278 0102 8AE8      		ldi r24,lo8(-118)
 279 0104 68E0      		ldi r22,lo8(8)
 280 0106 0E94 0000 		call SEV_SEG_writeByte
 281               	.LM55:
 282 010a 8CE8      		ldi r24,lo8(-116)
 283 010c 61E0      		ldi r22,lo8(1)
 284 010e 0E94 0000 		call SEV_SEG_writeByte
 285               	.LM56:
 286 0112 89E8      		ldi r24,lo8(-119)
 287 0114 6FEF      		ldi r22,lo8(-1)
 288 0116 0E94 0000 		call SEV_SEG_writeByte
 289               	/* epilogue start */
 290               	.LM57:
 291 011a 0895      		ret
 292               	.LFE7:
 342               	.Letext0:
DEFINED SYMBOLS
                            *ABS*:00000000 MAX7219.c
C:\Users\Jadonis\AppData\Local\Temp/ccRwwELj.s:2      *ABS*:0000003f __SREG__
C:\Users\Jadonis\AppData\Local\Temp/ccRwwELj.s:3      *ABS*:0000003e __SP_H__
C:\Users\Jadonis\AppData\Local\Temp/ccRwwELj.s:4      *ABS*:0000003d __SP_L__
C:\Users\Jadonis\AppData\Local\Temp/ccRwwELj.s:5      *ABS*:00000034 __CCP__
C:\Users\Jadonis\AppData\Local\Temp/ccRwwELj.s:6      *ABS*:00000000 __tmp_reg__
C:\Users\Jadonis\AppData\Local\Temp/ccRwwELj.s:7      *ABS*:00000001 __zero_reg__
C:\Users\Jadonis\AppData\Local\Temp/ccRwwELj.s:18     .text:00000000 SEV_SEG_allClear
C:\Users\Jadonis\AppData\Local\Temp/ccRwwELj.s:56     .text:00000028 SEV_SEG_writeByte
C:\Users\Jadonis\AppData\Local\Temp/ccRwwELj.s:115    .text:0000006c SEV_SEG_startupAni
C:\Users\Jadonis\AppData\Local\Temp/ccRwwELj.s:248    .text:000000d6 init_SEV_SEG

UNDEFINED SYMBOLS
SPI_tradeByte
