   1               		.file	"MAX7219.c"
   2               	__SREG__ = 0x3f
   3               	__SP_H__ = 0x3e
   4               	__SP_L__ = 0x3d
   5               	__CCP__  = 0x34
   6               	__tmp_reg__ = 0
   7               	__zero_reg__ = 1
  15               	.Ltext0:
  16               	.global	SEV_SEG_writeByte
  18               	SEV_SEG_writeByte:
  19               	.LFB6:
  20               	.LM1:
  21               	.LVL0:
  22 0000 0F93      		push r16
  23 0002 1F93      		push r17
  24               	/* prologue: function */
  25               	/* frame size = 0 */
  26 0004 182F      		mov r17,r24
  27 0006 062F      		mov r16,r22
  28               	.LM2:
  29 0008 2998      		cbi 37-32,1
  30               	.LM3:
  31 000a 80E0      		ldi r24,lo8(0)
  32               	.LVL1:
  33 000c 0E94 0000 		call SPI_tradeByte
  34               	.LVL2:
  35               	.LM4:
  36 0010 80E0      		ldi r24,lo8(0)
  37 0012 0E94 0000 		call SPI_tradeByte
  38               	.LM5:
  39 0016 812F      		mov r24,r17
  40 0018 0E94 0000 		call SPI_tradeByte
  41               	.LM6:
  42 001c 802F      		mov r24,r16
  43 001e 0E94 0000 		call SPI_tradeByte
  44               	.LM7:
  45 0022 299A      		sbi 37-32,1
  46               	/* epilogue start */
  47               	.LM8:
  48 0024 1F91      		pop r17
  49               	.LVL3:
  50 0026 0F91      		pop r16
  51               	.LVL4:
  52 0028 0895      		ret
  53               	.LFE6:
  55               	.global	SEV_SEG_allClear
  57               	SEV_SEG_allClear:
  58               	.LFB8:
  59               	.LM9:
  60 002a 1F93      		push r17
  61               	/* prologue: function */
  62               	/* frame size = 0 */
  63               	.LM10:
  64 002c 18E0      		ldi r17,lo8(8)
  65               	.LVL5:
  66               	.L4:
  67               	.LM11:
  68 002e 812F      		mov r24,r17
  69 0030 6FE0      		ldi r22,lo8(15)
  70 0032 0E94 0000 		call SEV_SEG_writeByte
  71               	.LM12:
  72 0036 1150      		subi r17,lo8(-(-1))
  73 0038 01F4      		brne .L4
  74               	/* epilogue start */
  75               	.LM13:
  76 003a 1F91      		pop r17
  77               	.LVL6:
  78 003c 0895      		ret
  79               	.LFE8:
  81               	.global	SEV_SEG_startupAni
  83               	SEV_SEG_startupAni:
  84               	.LFB9:
  85               	.LM14:
  86 003e EF92      		push r14
  87 0040 FF92      		push r15
  88 0042 0F93      		push r16
  89 0044 1F93      		push r17
  90 0046 CF93      		push r28
  91 0048 DF93      		push r29
  92               	/* prologue: function */
  93               	/* frame size = 0 */
  94               	.LM15:
  95 004a 0E94 0000 		call SEV_SEG_allClear
  96 004e 03E0      		ldi r16,lo8(3)
  97               	.LVL7:
  98               	.LBB19:
  99               	.LBB20:
 100               	.LBB21:
 101               	.LBB22:
 102               	.LBB23:
 103               	.LM16:
 104 0050 84ED      		ldi r24,lo8(12500)
 105 0052 E82E      		mov r14,r24
 106 0054 80E3      		ldi r24,hi8(12500)
 107 0056 F82E      		mov r15,r24
 108 0058 C4ED      		ldi r28,lo8(12500)
 109 005a D0E3      		ldi r29,hi8(12500)
 110 005c 00C0      		rjmp .L8
 111               	.LVL8:
 112               	.L9:
 113               	.LBE23:
 114               	.LBE22:
 115               	.LBE21:
 116               	.LBE20:
 117               	.LM17:
 118 005e 812F      		mov r24,r17
 119 0060 6FE8      		ldi r22,lo8(-113)
 120 0062 0E94 0000 		call SEV_SEG_writeByte
 121               	.LBB27:
 122               	.LBB26:
 123               	.LBB25:
 124               	.LBB24:
 125               	.LM18:
 126 0066 C701      		movw r24,r14
 127               	.LVL9:
 128               	/* #APP */
 129               	 ;  105 "g:/projects/winavr-20100110/lib/gcc/../../avr/include/util/delay_basic.h" 1
 130 0068 0197      		1: sbiw r24,1
 131 006a 01F4      		brne 1b
 132               	 ;  0 "" 2
 133               	/* #NOAPP */
 134               	.LBE24:
 135               	.LBE25:
 136               	.LBE26:
 137               	.LBE27:
 138               	.LM19:
 139 006c 812F      		mov r24,r17
 140               	.LVL10:
 141 006e 6FE0      		ldi r22,lo8(15)
 142 0070 0E94 0000 		call SEV_SEG_writeByte
 143               	.LM20:
 144 0074 1150      		subi r17,lo8(-(-1))
 145               	.LM21:
 146 0076 01F4      		brne .L9
 147               	.LM22:
 148 0078 82E0      		ldi r24,lo8(2)
 149 007a 6FE8      		ldi r22,lo8(-113)
 150 007c 0E94 0000 		call SEV_SEG_writeByte
 151               	.LBB28:
 152               	.LBB29:
 153               	.LBB30:
 154               	.LBB31:
 155               	.LM23:
 156 0080 CE01      		movw r24,r28
 157               	.LVL11:
 158               	/* #APP */
 159               	 ;  105 "g:/projects/winavr-20100110/lib/gcc/../../avr/include/util/delay_basic.h" 1
 160 0082 0197      		1: sbiw r24,1
 161 0084 01F4      		brne 1b
 162               	 ;  0 "" 2
 163               	/* #NOAPP */
 164               	.LBE31:
 165               	.LBE30:
 166               	.LBE29:
 167               	.LBE28:
 168               	.LM24:
 169 0086 82E0      		ldi r24,lo8(2)
 170               	.LVL12:
 171 0088 6FE0      		ldi r22,lo8(15)
 172 008a 0E94 0000 		call SEV_SEG_writeByte
 173               	.LM25:
 174 008e 83E0      		ldi r24,lo8(3)
 175 0090 6FE8      		ldi r22,lo8(-113)
 176 0092 0E94 0000 		call SEV_SEG_writeByte
 177               	.LBB35:
 178               	.LBB34:
 179               	.LBB33:
 180               	.LBB32:
 181               	.LM26:
 182 0096 CE01      		movw r24,r28
 183               	.LVL13:
 184               	/* #APP */
 185               	 ;  105 "g:/projects/winavr-20100110/lib/gcc/../../avr/include/util/delay_basic.h" 1
 186 0098 0197      		1: sbiw r24,1
 187 009a 01F4      		brne 1b
 188               	 ;  0 "" 2
 189               	/* #NOAPP */
 190               	.LBE32:
 191               	.LBE33:
 192               	.LBE34:
 193               	.LBE35:
 194               	.LM27:
 195 009c 83E0      		ldi r24,lo8(3)
 196               	.LVL14:
 197 009e 6FE0      		ldi r22,lo8(15)
 198 00a0 0E94 0000 		call SEV_SEG_writeByte
 199               	.LM28:
 200 00a4 0150      		subi r16,lo8(-(-1))
 201               	.LBE19:
 202               	.LM29:
 203 00a6 01F0      		breq .L11
 204               	.L8:
 205 00a8 14E0      		ldi r17,lo8(4)
 206 00aa 00C0      		rjmp .L9
 207               	.L11:
 208               	/* epilogue start */
 209               	.LM30:
 210 00ac DF91      		pop r29
 211 00ae CF91      		pop r28
 212 00b0 1F91      		pop r17
 213               	.LVL15:
 214 00b2 0F91      		pop r16
 215               	.LVL16:
 216 00b4 FF90      		pop r15
 217 00b6 EF90      		pop r14
 218 00b8 0895      		ret
 219               	.LFE9:
 221               	.global	init_SEV_SEG
 223               	init_SEV_SEG:
 224               	.LFB7:
 225               	.LM31:
 226               	/* prologue: function */
 227               	/* frame size = 0 */
 228               	.LM32:
 229 00ba 219A      		sbi 36-32,1
 230               	.LM33:
 231 00bc 299A      		sbi 37-32,1
 232               	.LM34:
 233 00be 8BE0      		ldi r24,lo8(11)
 234 00c0 67E0      		ldi r22,lo8(7)
 235 00c2 0E94 0000 		call SEV_SEG_writeByte
 236               	.LM35:
 237 00c6 8AE0      		ldi r24,lo8(10)
 238 00c8 68E0      		ldi r22,lo8(8)
 239 00ca 0E94 0000 		call SEV_SEG_writeByte
 240               	.LM36:
 241 00ce 8CE0      		ldi r24,lo8(12)
 242 00d0 61E0      		ldi r22,lo8(1)
 243 00d2 0E94 0000 		call SEV_SEG_writeByte
 244               	.LM37:
 245 00d6 89E0      		ldi r24,lo8(9)
 246 00d8 6FEF      		ldi r22,lo8(-1)
 247 00da 0E94 0000 		call SEV_SEG_writeByte
 248               	/* epilogue start */
 249               	.LM38:
 250 00de 0895      		ret
 251               	.LFE7:
 301               	.Letext0:
DEFINED SYMBOLS
                            *ABS*:00000000 MAX7219.c
C:\Users\Jadonis\AppData\Local\Temp/ccB4qJ1p.s:2      *ABS*:0000003f __SREG__
C:\Users\Jadonis\AppData\Local\Temp/ccB4qJ1p.s:3      *ABS*:0000003e __SP_H__
C:\Users\Jadonis\AppData\Local\Temp/ccB4qJ1p.s:4      *ABS*:0000003d __SP_L__
C:\Users\Jadonis\AppData\Local\Temp/ccB4qJ1p.s:5      *ABS*:00000034 __CCP__
C:\Users\Jadonis\AppData\Local\Temp/ccB4qJ1p.s:6      *ABS*:00000000 __tmp_reg__
C:\Users\Jadonis\AppData\Local\Temp/ccB4qJ1p.s:7      *ABS*:00000001 __zero_reg__
C:\Users\Jadonis\AppData\Local\Temp/ccB4qJ1p.s:18     .text:00000000 SEV_SEG_writeByte
C:\Users\Jadonis\AppData\Local\Temp/ccB4qJ1p.s:57     .text:0000002a SEV_SEG_allClear
C:\Users\Jadonis\AppData\Local\Temp/ccB4qJ1p.s:83     .text:0000003e SEV_SEG_startupAni
C:\Users\Jadonis\AppData\Local\Temp/ccB4qJ1p.s:223    .text:000000ba init_SEV_SEG

UNDEFINED SYMBOLS
SPI_tradeByte
